JobID=313274
WorkDir=/home/runhan/work_superconductor_bcs_20261003/02_qe_al_smoke

Currently Loaded Modules:
  1) CCconfig                         14) ucx/1.14.1
  2) gentoo/2023              (S)     15) libfabric/1.18.0
  3) imkl/2023.2.0            (math)  16) pmix/4.2.4
  4) StdEnv/2023              (S)     17) ucc/1.2.0
  5) mii/1.1.2                        18) openmpi/4.1.5       (m)
  6) slurm-completion/23.02.7         19) fftw/3.3.10         (math)
  7) libcerf/2.4              (math)  20) fftw-mpi/3.3.10     (math)
  8) qt/5.15.11               (t)     21) scalapack/2.2.0     (math)
  9) gnuplot/5.4.8            (vis)   22) hdf5-mpi/1.14.2     (io)
 10) gcc/12.3                 (t)     23) elpa/2023.05.001    (math)
 11) flexiblas/3.3.1                  24) libxc/6.2.2         (chem)
 12) gcccore/.12.3            (H)     25) quantumespresso/7.5 (chem)
 13) hwloc/2.9.1

  Where:
   H:     Hidden Module
   S:     Module is Sticky, requires --force to unload or purge
   chem:  Chemistry libraries/apps / Logiciels de chimie
   io:    Input/output software / Logiciel d'écriture/lecture
   m:     MPI implementations / Implémentations MPI
   math:  Mathematical libraries / Bibliothèques mathématiques
   t:     Tools for development / Outils de développement
   vis:   Visualisation software / Logiciels de visualisation

 

/cvmfs/soft.computecanada.ca/easybuild/software/2023/x86-64-v3/MPI/gcc12/openmpi4/quantumespresso/7.5/bin/pw.x
/cvmfs/soft.computecanada.ca/easybuild/software/2023/x86-64-v3/MPI/gcc12/openmpi4/quantumespresso/7.5/bin/ph.x
f0b2e07d87046e616faccac1ea1ea534e4515351e052f1e56197083c0cccd479  scf.in
d36513cf64551b42dc5777ecbc46b0fb48f488e7f86643dd95782adeda4f61a4  ph.in
fd7b78921e6d0939095b681c328732668eaefd1dee6882fdbc03be463550cc97  /home/runhan/apps/qesssp/Al.pbe-n-kjpaw_psl.1.0.0.UPF
SCF_AND_GAMMA_PHONON_OK
